4525        12753       17723       19137       22785       28191       30501       